// Jest Snapshot v1, https://goo.gl/fbAQLP

exports[`SchoolZoneLayersViewMapControl renders correctly with props 1`] = `
<div class="layer-container">
  <button>
    <svg aria-labelledby="svg-inline--fa-title-wO7uG5OPTKqa" class="svg-inline--fa fa-layer-group fa-w-16 fa-lg" data-icon="layer-group" data-prefix="fas" role="img" viewBox="0 0 512 512" xmlns="http://www.w3.org/2000/svg">
      <title class="" id="svg-inline--fa-title-wO7uG5OPTKqa">Display school zones control</title>
      <path class="" d="M12.41 148.02l232.94 105.67c6.8 3.09 14.49 3.09 21.29 0l232.94-105.67c16.55-7.51 16.55-32.52 0-40.03L266.65 2.31a25.607 25.607 0 0 0-21.29 0L12.41 107.98c-16.55 7.51-16.55 32.53 0 40.04zm487.18 88.28l-58.09-26.33-161.64 73.27c-7.56 3.43-15.59 5.17-23.86 5.17s-16.29-1.74-23.86-5.17L70.51 209.97l-58.1 26.33c-16.55 7.5-16.55 32.5 0 40l232.94 105.59c6.8 3.08 14.49 3.08 21.29 0L499.59 276.3c16.55-7.5 16.55-32.5 0-40zm0 127.8l-57.87-26.23-161.86 73.37c-7.56 3.43-15.59 5.17-23.86 5.17s-16.29-1.74-23.86-5.17L70.29 337.87 12.41 364.1c-16.55 7.5-16.55 32.5 0 40l232.94 105.59c6.8 3.08 14.49 3.08 21.29 0L499.59 404.1c16.55-7.5 16.55-32.5 0-40z" fill="currentColor" />
    </svg>
  </button>
  <div class="layer-options">
    <label class="checkbox">
      <input type="checkbox" value="primary"> Primary
    </label>
    <label class="checkbox">
      <input type="checkbox" value="p7"> Secondary Yr 7
    </label>
    <label class="checkbox">
      <input type="checkbox" value="p8"> Secondary Yr 8
    </label>
    <label class="checkbox">
      <input type="checkbox" value="p9"> Secondary Yr 9
    </label>
    <label class="checkbox">
      <input type="checkbox" value="p10"> Secondary Yr 10
    </label>
    <label class="checkbox">
      <input type="checkbox" value="p11"> Secondary Yr 11
    </label>
    <label class="checkbox">
      <input type="checkbox" value="p12"> Secondary Yr 12
    </label>
  </div>
</div>
`;
