// Jest Snapshot v1, https://goo.gl/fbAQLP

exports[`SchoolFilter renders correctly with props and store 1`] = `
<transition-stub name="modal">
  <div class="modal-mask">
    <div class="modal-wrapper">
      <div class="modal-container">
        <div class="modal-header">
          <h2>School filter</h2>
        </div>
        <div class="modal-body">
          <form>
            <div class="pl-row">
              <div class="pl-col">
                <label for="s_edu_sector">Education sector</label>
                <select id="s_edu_sector">
                  <option value="all">All</option>
                  <option value="Government">Government</option>
                  <option value="NonGovernment">Non Government</option>
                </select>
              </div>
            </div>
            <div class="pl-row">
              <div class="pl-col">
                <label class="checkbox" for="s_show_primary_schools">
                  <input id="s_show_primary_schools" type="checkbox"> Show primary schools
                </label>
              </div>
            </div>
            <div class="pl-row">
              <div class="pl-col">
                <label for="s_prim_rating">Overall score</label>
                <select id="s_prim_rating">
                  <option value="100">= 100</option>
                  <option value="99">&gt;= 99</option>
                  <option value="98">&gt;= 98</option>
                  <option value="97">&gt;= 97</option>
                  <option value="96">&gt;= 96</option>
                  <option value="95">&gt;= 95</option>
                  <option value="94">&gt;= 94</option>
                  <option value="93">&gt;= 93</option>
                  <option value="92">&gt;= 92</option>
                  <option value="91">&gt;= 91</option>
                  <option value="90">&gt;= 90</option>
                  <option value="0">All schools</option>
                </select>
              </div>
            </div>
            <div class="pl-row">
              <div class="pl-col">
                <label for="s_show_secondary_schools">
                  <input id="s_show_secondary_schools" type="checkbox"> Show secondary schools
                </label>
              </div>
            </div>
            <div class="pl-row">
              <div class="pl-col">
                <label for="s_sec_rating">Overall score</label>
                <select id="s_sec_rating">
                  <option value="100">= 100</option>
                  <option value="99">&gt;= 99</option>
                  <option value="98">&gt;= 98</option>
                  <option value="97">&gt;= 97</option>
                  <option value="96">&gt;= 96</option>
                  <option value="95">&gt;= 95</option>
                  <option value="94">&gt;= 94</option>
                  <option value="93">&gt;= 93</option>
                  <option value="92">&gt;= 92</option>
                  <option value="91">&gt;= 91</option>
                  <option value="90">&gt;= 90</option>
                  <option value="0">All schools</option>
                </select>
              </div>
            </div>
          </form>
        </div>
        <div class="modal-footer text-right">
          <button class="pl-button full small">
            Close
          </button>
        </div>
      </div>
    </div>
  </div>
</transition-stub>
`;
