// Jest Snapshot v1, https://goo.gl/fbAQLP

exports[`Navigate renders correctly with suggestions 1`] = `
<form class="navigate-container">
  <label class="visually-hidden" for="geo_go_to">Navigate to</label>
  <div class="d-flex align-items-center search-box">
    <svg aria-hidden="true" class="svg-inline--fa fa-search-location fa-w-16" data-icon="search-location" data-prefix="fas" focusable="false" role="img" style="left: 0.75rem; position: absolute; z-index: 100;" viewBox="0 0 512 512" xmlns="http://www.w3.org/2000/svg">
      <path class="" d="M505.04 442.66l-99.71-99.69c-4.5-4.5-10.6-7-17-7h-16.3c27.6-35.3 44-79.69 44-127.99C416.03 93.09 322.92 0 208.02 0S0 93.09 0 207.98s93.11 207.98 208.02 207.98c48.3 0 92.71-16.4 128.01-44v16.3c0 6.4 2.5 12.5 7 17l99.71 99.69c9.4 9.4 24.6 9.4 33.9 0l28.3-28.3c9.4-9.4 9.4-24.59.1-33.99zm-297.02-90.7c-79.54 0-144-64.34-144-143.98 0-79.53 64.35-143.98 144-143.98 79.54 0 144 64.34 144 143.98 0 79.53-64.35 143.98-144 143.98zm.02-239.96c-40.78 0-73.84 33.05-73.84 73.83 0 32.96 48.26 93.05 66.75 114.86a9.24 9.24 0 0 0 14.18 0c18.49-21.81 66.75-81.89 66.75-114.86 0-40.78-33.06-73.83-73.84-73.83zm0 96c-13.26 0-24-10.75-24-24 0-13.26 10.75-24 24-24s24 10.74 24 24c0 13.25-10.75 24-24 24z" fill="currentColor" />
    </svg>
    <input autocomplete="false" id="geo_go_to" name="geo_go_to" placeholder="Enter address, suburb, region or area to navigate" type="text">
  </div>
  <ul class="geo-suggestions" style>
    <li class>
      <a class="suggestion" href="#">
        my suburb
      </a>
    </li>
    <li class>
      <a class="suggestion" href="#">
        my other suburb
      </a>
    </li>
  </ul>
</form>
`;

exports[`Navigate renders correctly without suggestions 1`] = `
<form class="navigate-container">
  <label class="visually-hidden" for="geo_go_to">Navigate to</label>
  <div class="d-flex align-items-center search-box">
    <svg aria-hidden="true" class="svg-inline--fa fa-search-location fa-w-16" data-icon="search-location" data-prefix="fas" focusable="false" role="img" style="left: 0.75rem; position: absolute; z-index: 100;" viewBox="0 0 512 512" xmlns="http://www.w3.org/2000/svg">
      <path class="" d="M505.04 442.66l-99.71-99.69c-4.5-4.5-10.6-7-17-7h-16.3c27.6-35.3 44-79.69 44-127.99C416.03 93.09 322.92 0 208.02 0S0 93.09 0 207.98s93.11 207.98 208.02 207.98c48.3 0 92.71-16.4 128.01-44v16.3c0 6.4 2.5 12.5 7 17l99.71 99.69c9.4 9.4 24.6 9.4 33.9 0l28.3-28.3c9.4-9.4 9.4-24.59.1-33.99zm-297.02-90.7c-79.54 0-144-64.34-144-143.98 0-79.53 64.35-143.98 144-143.98 79.54 0 144 64.34 144 143.98 0 79.53-64.35 143.98-144 143.98zm.02-239.96c-40.78 0-73.84 33.05-73.84 73.83 0 32.96 48.26 93.05 66.75 114.86a9.24 9.24 0 0 0 14.18 0c18.49-21.81 66.75-81.89 66.75-114.86 0-40.78-33.06-73.83-73.84-73.83zm0 96c-13.26 0-24-10.75-24-24 0-13.26 10.75-24 24-24s24 10.74 24 24c0 13.25-10.75 24-24 24z" fill="currentColor" />
    </svg>
    <input autocomplete="false" id="geo_go_to" name="geo_go_to" placeholder="Enter address, suburb, region or area to navigate" type="text">
  </div>
  <ul class="geo-suggestions" style="display: none;"></ul>
</form>
`;
