// Jest Snapshot v1, https://goo.gl/fbAQLP

exports[`PropertyFilter renders correctly with props and store 1`] = `
<transition-stub name="modal">
  <div class="modal-mask">
    <div class="modal-wrapper">
      <div class="modal-container">
        <div class="modal-header">
          <h2>Property filter</h2>
        </div>
        <div class="modal-body">
          <form>
            <div class="pl-row">
              <div class="pl-col">
                <p>Property type</p>
              </div>
            </div>
            <div class="pl-row">
              <div class="pl-col-md-4">
                <label for="p_house_type">
                  <input id="p_house_type" type="checkbox" value="House"> House
                </label>
              </div>
              <div class="pl-col-md-4">
                <label for="p_townhouse_type">
                  <input id="p_townhouse_type" type="checkbox" value="Townhouse"> Townhouse
                </label>
              </div>
              <div class="pl-col-md-4">
                <label for="p_unit_type">
                  <input id="p_unit_type" type="checkbox" value="ApartmentUnitFlat"> Unit
                </label>
              </div>
            </div>
            <div class="pl-row">
              <div class="pl-col-md-6">
                <label for="p_rooms">Rooms</label>
                <select id="p_rooms">
                  <option value="1">1+</option>
                  <option value="2">2+</option>
                  <option value="3">3+</option>
                  <option value="4">4+</option>
                </select>
              </div>
              <div class="pl-col-md-6">
                <label for="p_bathrooms">Bathrooms</label>
                <select id="p_bathrooms">
                  <option value="1">1+</option>
                  <option value="2">2+</option>
                  <option value="3">3+</option>
                  <option value="4">4+</option>
                </select>
              </div>
            </div>
            <div class="pl-row">
              <div class="pl-col-md-6">
                <label for="p_car_spaces">Car spaces</label>
                <select id="p_car_spaces">
                  <option value="1">1+</option>
                  <option value="2">2+</option>
                  <option value="3">3+</option>
                  <option value="4">4+</option>
                </select>
              </div>
              <div class="pl-col-md-6">
                <label for="p_max_price">Max price</label>
                <select id="p_max_price">
                  <option value="500000">500 K</option>
                  <option value="600000">600 K</option>
                  <option value="700000">700 K</option>
                  <option value="800000">800 K</option>
                  <option value="900000">900 K</option>
                  <option value="1000000">1 M</option>
                  <option value="1100000">1.1 M</option>
                  <option value="1200000">1.2 M</option>
                  <option value="1300000">1.3 M</option>
                  <option value="1400000">1.4 M</option>
                  <option value="1500000">1.5 M</option>
                </select>
              </div>
            </div>
          </form>
        </div>
        <div class="modal-footer text-right">
          <button class="pl-button full small">
            Close
          </button>
        </div>
      </div>
    </div>
  </div>
</transition-stub>
`;
