// Jest Snapshot v1, https://goo.gl/fbAQLP

exports[`SchoolPopupContent renders correctly with props 1`] = `
<div class="school-info container">
  <div class="row">
    <div class="column">
      <p class="school-name">
        <strong>school</strong>
      </p>
    </div>
  </div>
  <div class="row">
    <span class="column school-stat-label">Overall rating</span>
    <span class="column school-stat-value">
      <em>95</em>
    </span>
  </div>
  <div class="row">
    <span class="column school-stat-label">English rating</span>
    <span class="column school-stat-value">
      <em>4</em>
    </span>
  </div>
  <div class="row">
    <span class="column school-stat-label">Maths rating</span>
    <span class="column school-stat-value">
      <em>4</em>
    </span>
  </div>
  <div class="row">
    <span class="column school-stat-label">Enrolments</span>
    <span class="column school-stat-value">
      <em>500</em>
    </span>
  </div>
  <div class="row">
    <span class="column school-stat-label">Phone</span>
    <span class="column school-stat-value">
      <em>03 9999 8888</em>
    </span>
  </div>
</div>
`;
