// Jest Snapshot v1, https://goo.gl/fbAQLP

exports[`SidebarFilter renders correctly with props and store 1`] = `
<div class="filter-container">
  <fieldset>
    <legend>Property filter</legend>
    <div class="row">
      <div class="col-sm">
        <p>Property type</p>
      </div>
    </div>
    <div class="row responsive-label">
      <div class="col-sm-1">
        <input id="p_house_type" type="checkbox" value="House">
      </div>
      <div class="col-sm">
        <label for="p_house_type">House</label>
      </div>
      <div class="col-sm-1">
        <input id="p_townhouse_type" type="checkbox" value="Townhouse">
      </div>
      <div class="col-sm">
        <label for="p_townhouse_type"> Townhouse </label>
      </div>
      <div class="col-sm-1">
        <input id="p_unit_type" type="checkbox" value="ApartmentUnitFlat">
      </div>
      <div class="col-sm">
        <label for="p_unit_type"> Unit </label>
      </div>
    </div>
    <div class="row">
      <div class="col-sm">
        <div class="input-group vertical">
          <label for="p_rooms">Rooms</label>
          <select id="p_rooms">
            <option value="1">1+</option>
            <option value="2">2+</option>
            <option value="3">3+</option>
            <option value="4">4+</option>
          </select>
        </div>
      </div>
      <div class="col-sm">
        <div class="input-group vertical">
          <label for="p_bathrooms">Bathrooms</label>
          <select id="p_bathrooms">
            <option value="1">1+</option>
            <option value="2">2+</option>
            <option value="3">3+</option>
            <option value="4">4+</option>
          </select>
        </div>
      </div>
    </div>
    <div class="row">
      <div class="col-sm">
        <div class="input-group vertical">
          <label for="p_car_spaces">Car spaces</label>
          <select id="p_car_spaces">
            <option value="1">1+</option>
            <option value="2">2+</option>
            <option value="3">3+</option>
            <option value="4">4+</option>
          </select>
        </div>
      </div>
      <div class="col-sm">
        <div class="input-group vertical">
          <label for="p_max_price">Max price</label>
          <select id="p_max_price">
            <option value="500000">500 K</option>
            <option value="600000">600 K</option>
            <option value="700000">700 K</option>
            <option value="800000">800 K</option>
            <option value="900000">900 K</option>
            <option value="1000000">1 M</option>
          </select>
        </div>
      </div>
    </div>
    <div class="button-group">
      <button class="primary">
        <span class="icon-search inverse"></span> Find matching properties
      </button>
    </div>
  </fieldset>
  <fieldset>
    <legend>School filter</legend>
    <div class="row">
      <div class="col-sm">
        <div class="input-group vertical">
          <label for="s_edu_sector">Education sector</label>
          <select id="s_edu_sector">
            <option value="all">All</option>
            <option value="Government">Government</option>
            <option value="Non-Government">Non Government</option>
          </select>
        </div>
      </div>
      <div class="col-sm">
        <div class="input-group vertical">
          <label for="s_school_zones">School zones</label>
          <select id="s_school_zones">
            <option value="none">None</option>
            <option value="primary">Primary</option>
            <option value="p7">Secondary P7</option>
            <option value="p8">Secondary P8</option>
            <option value="p9">Secondary P9</option>
            <option value="p10">Secondary P10</option>
            <option value="p11">Secondary P11</option>
            <option value="p12">Secondary P12</option>
          </select>
        </div>
      </div>
    </div>
    <div class="row">
      <div class="col-sm">
        <p>Primary school ratings</p>
      </div>
    </div>
    <div class="row">
      <div class="col-sm">
        <div class="input-group vertical">
          <label for="s_prim_rating">Overall</label>
          <select id="s_prim_rating">
            <option value="100">= 100</option>
            <option value="99">&gt;= 99</option>
            <option value="98">&gt;= 98</option>
            <option value="97">&gt;= 97</option>
            <option value="96">&gt;= 96</option>
            <option value="95">&gt;= 95</option>
            <option value="94">&gt;= 94</option>
            <option value="93">&gt;= 93</option>
            <option value="92">&gt;= 92</option>
            <option value="91">&gt;= 91</option>
            <option value="90">&gt;= 90</option>
          </select>
        </div>
      </div>
      <div class="col-sm">
        <div class="input-group vertical">
          <label for="s_prim_english_rating">English</label>
          <select id="s_prim_english_rating">
            <option value="5">= 5</option>
            <option value="4">&gt;= 4</option>
            <option value="3">&gt;= 3</option>
            <option value="2">&gt;= 2</option>
            <option value="1">&gt;= 1</option>
          </select>
        </div>
      </div>
      <div class="col-sm">
        <div class="input-group vertical">
          <label for="s_prim_maths_rating">Maths</label>
          <select id="s_prim_maths_rating">
            <option value="5">= 5</option>
            <option value="4">&gt;= 4</option>
            <option value="3">&gt;= 3</option>
            <option value="2">&gt;= 2</option>
            <option value="1">&gt;= 1</option>
          </select>
        </div>
      </div>
    </div>
    <div class="row">
      <div class="col-sm">
        <p>Secondary school ratings</p>
      </div>
    </div>
    <div class="row">
      <div class="col-sm">
        <div class="input-group vertical">
          <label for="s_sec_rating">Overall</label>
          <select id="s_sec_rating">
            <option value="100">= 100</option>
            <option value="99">&gt;= 99</option>
            <option value="98">&gt;= 98</option>
            <option value="97">&gt;= 97</option>
            <option value="96">&gt;= 96</option>
            <option value="95">&gt;= 95</option>
            <option value="94">&gt;= 94</option>
            <option value="93">&gt;= 93</option>
            <option value="92">&gt;= 92</option>
            <option value="91">&gt;= 91</option>
            <option value="90">&gt;= 90</option>
          </select>
        </div>
      </div>
      <div class="col-sm">
        <div class="input-group vertical">
          <label for="s_sec_english_rating">English</label>
          <select id="s_sec_english_rating">
            <option value="5">= 5</option>
            <option value="4">&gt;= 4</option>
            <option value="3">&gt;= 3</option>
            <option value="2">&gt;= 2</option>
            <option value="1">&gt;= 1</option>
          </select>
        </div>
      </div>
      <div class="col-sm">
        <div class="input-group vertical">
          <label for="s_sec_maths_rating">Maths</label>
          <select id="s_sec_maths_rating">
            <option value="5">= 5</option>
            <option value="4">&gt;= 4</option>
            <option value="3">&gt;= 3</option>
            <option value="2">&gt;= 2</option>
            <option value="1">&gt;= 1</option>
          </select>
        </div>
      </div>
    </div>
  </fieldset>
</div>
`;
